$ npx ts-node fixtures/generate_events.ts
npm warn exec The following package was not found and will be installed: ts-node@10.9.2
Event A Hash: 44f621a0333680692e0050cc9087753f88268b8c7a922789b88cc7c9045c93d7
Event B Hash: 44f621a0333680692e0050cc9087753f88268b8c7a922789b88cc7c9045c93d7
SUCCESS: Events are deterministic and produce identical hashes.
Wrote events to /Users/marcussmith/Projects/promptops-gui/fixtures/events.jsonl
EXIT_CODE=0

$ mv fixtures/events.jsonl /tmp/promptops/S01/schema/events1.jsonl
EXIT_CODE=0

$ npx ts-node fixtures/generate_events.ts
Event A Hash: 44f621a0333680692e0050cc9087753f88268b8c7a922789b88cc7c9045c93d7
Event B Hash: 44f621a0333680692e0050cc9087753f88268b8c7a922789b88cc7c9045c93d7
SUCCESS: Events are deterministic and produce identical hashes.
Wrote events to /Users/marcussmith/Projects/promptops-gui/fixtures/events.jsonl
EXIT_CODE=0

$ mv fixtures/events.jsonl /tmp/promptops/S01/schema/events2.jsonl
EXIT_CODE=0

$ shasum -a 256 /tmp/promptops/S01/schema/events1.jsonl /tmp/promptops/S01/schema/events2.jsonl
9a6d28b773b8b467bf7cf7c5b8eb6577d2e46cc691bd607745277498e0b83914  /tmp/promptops/S01/schema/events1.jsonl
9a6d28b773b8b467bf7cf7c5b8eb6577d2e46cc691bd607745277498e0b83914  /tmp/promptops/S01/schema/events2.jsonl
EXIT_CODE=0

$ cmp /tmp/promptops/S01/schema/events1.jsonl /tmp/promptops/S01/schema/events2.jsonl
EXIT_CODE=0

